Test Results: All tests passed. 34 unit tests, 10 integration tests.

Big Play (Dry Run): Running - cargo run --release -- --chain base --office 4 --dry-run

Privacy Check: Test secret

Slither: Not installed.

Fixes: Fixed import to vortex_369_core, removed env from private_key arg, adjusted test assertions for resonance scoring with secret random, added bin target for dry run.
